// Jest Snapshot v1, https://goo.gl/fbAQLP

exports[`Profile component renders a component 1`] = `
<Fragment>
  <h1
    id="profileHeader"
  >
    Create Your Profile
  </h1>
  <div
    id="profileBody"
  >
    <form
      onSubmit={[Function]}
    >
      <label
        htmlFor="name"
      >
        Full Name:
      </label>
      <input
        name="name"
        onChange={[Function]}
        required={true}
        type="text"
        value=""
      />
      <label
        htmlFor="photo"
      >
        Upload A Photo:
      </label>
      <input
        name="photo"
        onChange={[Function]}
        type="file"
        value=""
      />
      <label
        htmlFor="age"
      >
        Age:
      </label>
      <input
        name="age"
        onChange={[Function]}
        type="number"
        value={0}
      />
      <label
        htmlFor="streetAddress1"
      >
        Street Address:
      </label>
      <input
        name="streetAddress1"
        onChange={[Function]}
        required={true}
        type="text"
        value=""
      />
      <input
        name="streetAddress2"
        onChange={[Function]}
        type="text"
        value=""
      />
      <label
        htmlFor="city"
      >
        City
      </label>
      <input
        name="city"
        onChange={[Function]}
        required={true}
        type="text"
        value=""
      />
      <label
        htmlFor="state"
      >
        State
      </label>
      <select
        name="state"
        onChange={[Function]}
        required={true}
        value=""
      >
        <option
          value=""
        >
          --
        </option>
        <option
          key="AL"
          value="AL"
        >
          AL
        </option>
        <option
          key="AK"
          value="AK"
        >
          AK
        </option>
        <option
          key="AS"
          value="AS"
        >
          AS
        </option>
        <option
          key="AZ"
          value="AZ"
        >
          AZ
        </option>
        <option
          key="AR"
          value="AR"
        >
          AR
        </option>
        <option
          key="CA"
          value="CA"
        >
          CA
        </option>
        <option
          key="CO"
          value="CO"
        >
          CO
        </option>
        <option
          key="CT"
          value="CT"
        >
          CT
        </option>
        <option
          key="DE"
          value="DE"
        >
          DE
        </option>
        <option
          key="DC"
          value="DC"
        >
          DC
        </option>
        <option
          key="FM"
          value="FM"
        >
          FM
        </option>
        <option
          key="FL"
          value="FL"
        >
          FL
        </option>
        <option
          key="GA"
          value="GA"
        >
          GA
        </option>
        <option
          key="GU"
          value="GU"
        >
          GU
        </option>
        <option
          key="HI"
          value="HI"
        >
          HI
        </option>
        <option
          key="ID"
          value="ID"
        >
          ID
        </option>
        <option
          key="IL"
          value="IL"
        >
          IL
        </option>
        <option
          key="IN"
          value="IN"
        >
          IN
        </option>
        <option
          key="IA"
          value="IA"
        >
          IA
        </option>
        <option
          key="KS"
          value="KS"
        >
          KS
        </option>
        <option
          key="KY"
          value="KY"
        >
          KY
        </option>
        <option
          key="LA"
          value="LA"
        >
          LA
        </option>
        <option
          key="ME"
          value="ME"
        >
          ME
        </option>
        <option
          key="MH"
          value="MH"
        >
          MH
        </option>
        <option
          key="MD"
          value="MD"
        >
          MD
        </option>
        <option
          key="MA"
          value="MA"
        >
          MA
        </option>
        <option
          key="MI"
          value="MI"
        >
          MI
        </option>
        <option
          key="MN"
          value="MN"
        >
          MN
        </option>
        <option
          key="MS"
          value="MS"
        >
          MS
        </option>
        <option
          key="MO"
          value="MO"
        >
          MO
        </option>
        <option
          key="MT"
          value="MT"
        >
          MT
        </option>
        <option
          key="NE"
          value="NE"
        >
          NE
        </option>
        <option
          key="NV"
          value="NV"
        >
          NV
        </option>
        <option
          key="NH"
          value="NH"
        >
          NH
        </option>
        <option
          key="NJ"
          value="NJ"
        >
          NJ
        </option>
        <option
          key="NM"
          value="NM"
        >
          NM
        </option>
        <option
          key="NY"
          value="NY"
        >
          NY
        </option>
        <option
          key="NC"
          value="NC"
        >
          NC
        </option>
        <option
          key="ND"
          value="ND"
        >
          ND
        </option>
        <option
          key="MP"
          value="MP"
        >
          MP
        </option>
        <option
          key="OH"
          value="OH"
        >
          OH
        </option>
        <option
          key="OK"
          value="OK"
        >
          OK
        </option>
        <option
          key="OR"
          value="OR"
        >
          OR
        </option>
        <option
          key="PW"
          value="PW"
        >
          PW
        </option>
        <option
          key="PA"
          value="PA"
        >
          PA
        </option>
        <option
          key="PR"
          value="PR"
        >
          PR
        </option>
        <option
          key="RI"
          value="RI"
        >
          RI
        </option>
        <option
          key="SC"
          value="SC"
        >
          SC
        </option>
        <option
          key="SD"
          value="SD"
        >
          SD
        </option>
        <option
          key="TN"
          value="TN"
        >
          TN
        </option>
        <option
          key="TX"
          value="TX"
        >
          TX
        </option>
        <option
          key="UT"
          value="UT"
        >
          UT
        </option>
        <option
          key="VT"
          value="VT"
        >
          VT
        </option>
        <option
          key="VI"
          value="VI"
        >
          VI
        </option>
        <option
          key="VA"
          value="VA"
        >
          VA
        </option>
        <option
          key="WA"
          value="WA"
        >
          WA
        </option>
        <option
          key="WV"
          value="WV"
        >
          WV
        </option>
        <option
          key="WI"
          value="WI"
        >
          WI
        </option>
        <option
          key="WY"
          value="WY"
        >
          WY
        </option>
      </select>
      <label
        htmlFor="zip"
      >
        Zip
      </label>
      <input
        name="zip"
        onChange={[Function]}
        required={true}
        type="text"
        value=""
      />
      <label
        htmlFor="phone"
      >
        Phone Number
      </label>
      <input
        name="phone"
        onChange={[Function]}
        required={true}
        type="text"
        value=""
      />
      <label
        htmlFor="pricePerHour"
      >
        Your Hourly Rate:
      </label>
      <input
        name="pricePerHour"
        onChange={[Function]}
        type="number"
        value={16}
      />
      <label
        htmlFor="description"
      >
        Tell Us About Yourself:
      </label>
      <input
        name="description"
        onChange={[Function]}
        type="text"
        value=""
      />
      <button>
        Submit Profile
      </button>
    </form>
    <div
      id="profileView"
    >
      <img
        src=""
      />
      <h1>
        Name: 
      </h1>
      <h3>
        Age: 
        0
      </h3>
      <h3>
        Street Address:
      </h3>
      <h3>
        Address (continued): 
      </h3>
      <h3>
        City: 
      </h3>
      <h3>
        State: 
      </h3>
      <h3>
        Zip Code: 
      </h3>
      <h3>
        Phone Number: 
      </h3>
      <h3>
        Hourly Rate: 
        16
      </h3>
      <h3>
        Description: 
      </h3>
    </div>
  </div>
</Fragment>
`;
